e:\roguelike\roguelike\obj\engine\debug\engine.pch
e:\roguelike\roguelike\bin\engine\debug\engine.pdb
e:\roguelike\roguelike\bin\engine\debug\engine.idb
e:\roguelike\roguelike\obj\engine\debug\pch.obj
e:\roguelike\roguelike\obj\engine\debug\transformcomponent.obj
e:\roguelike\roguelike\obj\engine\debug\statscomponent.obj
e:\roguelike\roguelike\obj\engine\debug\spriterenderercomponent.obj
e:\roguelike\roguelike\obj\engine\debug\spritecollidercomponent.obj
e:\roguelike\roguelike\obj\engine\debug\sprite.obj
e:\roguelike\roguelike\obj\engine\debug\rigidbodycomponent.obj
e:\roguelike\roguelike\obj\engine\debug\resourcesystem.obj
e:\roguelike\roguelike\obj\engine\debug\rendersystem.obj
e:\roguelike\roguelike\obj\engine\debug\physicssystem.obj
e:\roguelike\roguelike\obj\engine\debug\matrix2d.obj
e:\roguelike\roguelike\obj\engine\debug\inputcomponent.obj
e:\roguelike\roguelike\obj\engine\debug\gameworld.obj
e:\roguelike\roguelike\obj\engine\debug\gameobject.obj
e:\roguelike\roguelike\obj\engine\debug\engine.obj
e:\roguelike\roguelike\obj\engine\debug\component.obj
e:\roguelike\roguelike\obj\engine\debug\collision.obj
e:\roguelike\roguelike\obj\engine\debug\collidercomponent.obj
e:\roguelike\roguelike\obj\engine\debug\cameracomponent.obj
e:\roguelike\roguelike\obj\engine\debug\audiocomponent.obj
e:\roguelike\roguelike\obj\engine\debug\attackcomponent.obj
e:\roguelike\roguelike\obj\engine\debug\trigger.obj
e:\roguelike\roguelike\obj\engine\debug\deathcomponent.obj
e:\roguelike\roguelike\bin\engine\debug\engine.lib
e:\roguelike\roguelike\obj\engine\debug\engine.vcxproj.filelistabsolute.txt
e:\roguelike\roguelike\obj\engine\debug\engine.tlog\cl.command.1.tlog
e:\roguelike\roguelike\obj\engine\debug\engine.tlog\cl.items.tlog
e:\roguelike\roguelike\obj\engine\debug\engine.tlog\cl.read.1.tlog
e:\roguelike\roguelike\obj\engine\debug\engine.tlog\cl.write.1.tlog
e:\roguelike\roguelike\obj\engine\debug\engine.tlog\lib-link.read.1.tlog
e:\roguelike\roguelike\obj\engine\debug\engine.tlog\lib-link.write.1.tlog
e:\roguelike\roguelike\obj\engine\debug\engine.tlog\lib.command.1.tlog
