e:\roguelike\roguelike\obj\roguelike\debug\vc143.pdb
e:\roguelike\roguelike\obj\roguelike\debug\vc143.idb
e:\roguelike\roguelike\obj\roguelike\debug\wall.obj
e:\roguelike\roguelike\obj\roguelike\debug\gamemain.obj
e:\roguelike\roguelike\obj\roguelike\debug\playersearchcomponent.obj
e:\roguelike\roguelike\obj\roguelike\debug\playermovementcomponent.obj
e:\roguelike\roguelike\obj\roguelike\debug\playerattackcomponent.obj
e:\roguelike\roguelike\obj\roguelike\debug\player.obj
e:\roguelike\roguelike\obj\roguelike\debug\levelbuilder.obj
e:\roguelike\roguelike\obj\roguelike\debug\gameresourceloader.obj
e:\roguelike\roguelike\obj\roguelike\debug\floor.obj
e:\roguelike\roguelike\obj\roguelike\debug\enemy.obj
e:\roguelike\roguelike\obj\roguelike\debug\developerlevel.obj
e:\roguelike\roguelike\obj\roguelike\debug\detectiontriggercomponent.obj
e:\roguelike\roguelike\bin\roguelike\debug\roguelike.exe
e:\roguelike\roguelike\bin\roguelike\debug\roguelike.pdb
e:\roguelike\roguelike\obj\roguelike\debug\roguelike.ilk
e:\roguelike\roguelike\obj\roguelike\debug\roguelike.vcxproj.filelistabsolute.txt
e:\roguelike\roguelike\obj\roguelike\debug\roguelike.tlog\cl.command.1.tlog
e:\roguelike\roguelike\obj\roguelike\debug\roguelike.tlog\cl.items.tlog
e:\roguelike\roguelike\obj\roguelike\debug\roguelike.tlog\cl.read.1.tlog
e:\roguelike\roguelike\obj\roguelike\debug\roguelike.tlog\cl.write.1.tlog
e:\roguelike\roguelike\obj\roguelike\debug\roguelike.tlog\link.command.1.tlog
e:\roguelike\roguelike\obj\roguelike\debug\roguelike.tlog\link.read.1.tlog
e:\roguelike\roguelike\obj\roguelike\debug\roguelike.tlog\link.secondary.1.tlog
e:\roguelike\roguelike\obj\roguelike\debug\roguelike.tlog\link.write.1.tlog
